/Users/arad/Documents/Uni/Tasks/Az iot/STM32CubeF7/Drivers/CMSIS/Include/core_cm7.h:2229:22:SCB_EnableICache	4	static,ignoring_inline_asm
/Users/arad/Documents/Uni/Tasks/Az iot/STM32CubeF7/Drivers/CMSIS/Include/core_cm7.h:2281:22:SCB_EnableDCache	24	static,ignoring_inline_asm
/Users/arad/Documents/Uni/Tasks/Az iot/Vital_Signs_Monitor/lcd_bringup/Src/main.c:53:5:main	248	static
/Users/arad/Documents/Uni/Tasks/Az iot/Vital_Signs_Monitor/lcd_bringup/Src/main.c:201:6:SystemClock_Config	80	static
/Users/arad/Documents/Uni/Tasks/Az iot/Vital_Signs_Monitor/lcd_bringup/Src/main.c:255:13:LCD_Config	64	static
/Users/arad/Documents/Uni/Tasks/Az iot/Vital_Signs_Monitor/lcd_bringup/Src/main.c:372:13:Error_Handler	4	static
/Users/arad/Documents/Uni/Tasks/Az iot/Vital_Signs_Monitor/lcd_bringup/Src/main.c:385:13:CPU_CACHE_Enable	8	static
/Users/arad/Documents/Uni/Tasks/Az iot/Vital_Signs_Monitor/lcd_bringup/Src/main.c:400:13:MPU_Config	24	static
