/Users/arad/Documents/Uni/Tasks/Az iot/Vital_Signs_Monitor/lcd_bringup/Src/stm32f7xx_it.c:49:6:NMI_Handler	4	static
/Users/arad/Documents/Uni/Tasks/Az iot/Vital_Signs_Monitor/lcd_bringup/Src/stm32f7xx_it.c:58:6:HardFault_Handler	4	static
/Users/arad/Documents/Uni/Tasks/Az iot/Vital_Signs_Monitor/lcd_bringup/Src/stm32f7xx_it.c:71:6:MemManage_Handler	4	static
/Users/arad/Documents/Uni/Tasks/Az iot/Vital_Signs_Monitor/lcd_bringup/Src/stm32f7xx_it.c:84:6:BusFault_Handler	4	static
/Users/arad/Documents/Uni/Tasks/Az iot/Vital_Signs_Monitor/lcd_bringup/Src/stm32f7xx_it.c:97:6:UsageFault_Handler	4	static
/Users/arad/Documents/Uni/Tasks/Az iot/Vital_Signs_Monitor/lcd_bringup/Src/stm32f7xx_it.c:110:6:SVC_Handler	4	static
/Users/arad/Documents/Uni/Tasks/Az iot/Vital_Signs_Monitor/lcd_bringup/Src/stm32f7xx_it.c:119:6:DebugMon_Handler	4	static
/Users/arad/Documents/Uni/Tasks/Az iot/Vital_Signs_Monitor/lcd_bringup/Src/stm32f7xx_it.c:128:6:PendSV_Handler	4	static
/Users/arad/Documents/Uni/Tasks/Az iot/Vital_Signs_Monitor/lcd_bringup/Src/stm32f7xx_it.c:137:6:SysTick_Handler	8	static
