Archive member included to satisfy reference by file (symbol)

/Users/arad/Library/Application Support/stm32cube/bundles/gnu-tools-for-stm32/14.3.1+st.2/bin/../lib/gcc/arm-none-eabi/14.3.1/../../../../arm-none-eabi/lib/thumb/v7e-m+dp/hard/libc.a(libc_a-exit.o)
                              /Users/arad/Library/Application Support/stm32cube/bundles/gnu-tools-for-stm32/14.3.1+st.2/bin/../lib/gcc/arm-none-eabi/14.3.1/../../../../arm-none-eabi/lib/thumb/v7e-m+dp/hard/crt0.o (exit)
/Users/arad/Library/Application Support/stm32cube/bundles/gnu-tools-for-stm32/14.3.1+st.2/bin/../lib/gcc/arm-none-eabi/14.3.1/../../../../arm-none-eabi/lib/thumb/v7e-m+dp/hard/libc.a(libc_a-findfp.o)
                              /Users/arad/Library/Application Support/stm32cube/bundles/gnu-tools-for-stm32/14.3.1+st.2/bin/../lib/gcc/arm-none-eabi/14.3.1/../../../../arm-none-eabi/lib/thumb/v7e-m+dp/hard/libc.a(libc_a-exit.o) (__stdio_exit_handler)
/Users/arad/Library/Application Support/stm32cube/bundles/gnu-tools-for-stm32/14.3.1+st.2/bin/../lib/gcc/arm-none-eabi/14.3.1/../../../../arm-none-eabi/lib/thumb/v7e-m+dp/hard/libc.a(libc_a-memset.o)
                              /Users/arad/Library/Application Support/stm32cube/bundles/gnu-tools-for-stm32/14.3.1+st.2/bin/../lib/gcc/arm-none-eabi/14.3.1/../../../../arm-none-eabi/lib/thumb/v7e-m+dp/hard/crt0.o (memset)
/Users/arad/Library/Application Support/stm32cube/bundles/gnu-tools-for-stm32/14.3.1+st.2/bin/../lib/gcc/arm-none-eabi/14.3.1/../../../../arm-none-eabi/lib/thumb/v7e-m+dp/hard/libc.a(libc_a-impure.o)
                              /Users/arad/Library/Application Support/stm32cube/bundles/gnu-tools-for-stm32/14.3.1+st.2/bin/../lib/gcc/arm-none-eabi/14.3.1/../../../../arm-none-eabi/lib/thumb/v7e-m+dp/hard/libc.a(libc_a-findfp.o) (_impure_data)
/Users/arad/Library/Application Support/stm32cube/bundles/gnu-tools-for-stm32/14.3.1+st.2/bin/../lib/gcc/arm-none-eabi/14.3.1/../../../../arm-none-eabi/lib/thumb/v7e-m+dp/hard/libc.a(libc_a-init.o)
                              /Users/arad/Library/Application Support/stm32cube/bundles/gnu-tools-for-stm32/14.3.1+st.2/bin/../lib/gcc/arm-none-eabi/14.3.1/../../../../arm-none-eabi/lib/thumb/v7e-m+dp/hard/crt0.o (__libc_init_array)
/Users/arad/Library/Application Support/stm32cube/bundles/gnu-tools-for-stm32/14.3.1+st.2/bin/../lib/gcc/arm-none-eabi/14.3.1/../../../../arm-none-eabi/lib/thumb/v7e-m+dp/hard/libc.a(libc_a-lock.o)
                              /Users/arad/Library/Application Support/stm32cube/bundles/gnu-tools-for-stm32/14.3.1+st.2/bin/../lib/gcc/arm-none-eabi/14.3.1/../../../../arm-none-eabi/lib/thumb/v7e-m+dp/hard/libc.a(libc_a-findfp.o) (__retarget_lock_init_recursive)
/Users/arad/Library/Application Support/stm32cube/bundles/gnu-tools-for-stm32/14.3.1+st.2/bin/../lib/gcc/arm-none-eabi/14.3.1/../../../../arm-none-eabi/lib/thumb/v7e-m+dp/hard/libc.a(libc_a-__call_atexit.o)
                              /Users/arad/Library/Application Support/stm32cube/bundles/gnu-tools-for-stm32/14.3.1+st.2/bin/../lib/gcc/arm-none-eabi/14.3.1/../../../../arm-none-eabi/lib/thumb/v7e-m+dp/hard/libc.a(libc_a-exit.o) (__call_exitprocs)
/Users/arad/Library/Application Support/stm32cube/bundles/gnu-tools-for-stm32/14.3.1+st.2/bin/../lib/gcc/arm-none-eabi/14.3.1/../../../../arm-none-eabi/lib/thumb/v7e-m+dp/hard/libc.a(libc_a-atexit.o)
                              /Users/arad/Library/Application Support/stm32cube/bundles/gnu-tools-for-stm32/14.3.1+st.2/bin/../lib/gcc/arm-none-eabi/14.3.1/../../../../arm-none-eabi/lib/thumb/v7e-m+dp/hard/libc.a(libc_a-__call_atexit.o) (atexit)
/Users/arad/Library/Application Support/stm32cube/bundles/gnu-tools-for-stm32/14.3.1+st.2/bin/../lib/gcc/arm-none-eabi/14.3.1/../../../../arm-none-eabi/lib/thumb/v7e-m+dp/hard/libc.a(libc_a-mallocr.o)
                              /Users/arad/Library/Application Support/stm32cube/bundles/gnu-tools-for-stm32/14.3.1+st.2/bin/../lib/gcc/arm-none-eabi/14.3.1/../../../../arm-none-eabi/lib/thumb/v7e-m+dp/hard/libc.a(libc_a-findfp.o) (_malloc_r)
/Users/arad/Library/Application Support/stm32cube/bundles/gnu-tools-for-stm32/14.3.1+st.2/bin/../lib/gcc/arm-none-eabi/14.3.1/../../../../arm-none-eabi/lib/thumb/v7e-m+dp/hard/libc.a(libc_a-mlock.o)
                              /Users/arad/Library/Application Support/stm32cube/bundles/gnu-tools-for-stm32/14.3.1+st.2/bin/../lib/gcc/arm-none-eabi/14.3.1/../../../../arm-none-eabi/lib/thumb/v7e-m+dp/hard/libc.a(libc_a-mallocr.o) (__malloc_lock)
/Users/arad/Library/Application Support/stm32cube/bundles/gnu-tools-for-stm32/14.3.1+st.2/bin/../lib/gcc/arm-none-eabi/14.3.1/../../../../arm-none-eabi/lib/thumb/v7e-m+dp/hard/libc.a(libc_a-fwalk.o)
                              /Users/arad/Library/Application Support/stm32cube/bundles/gnu-tools-for-stm32/14.3.1+st.2/bin/../lib/gcc/arm-none-eabi/14.3.1/../../../../arm-none-eabi/lib/thumb/v7e-m+dp/hard/libc.a(libc_a-findfp.o) (_fwalk_sglue)
[...]
Memory Configuration

Name             Origin             Length             Attributes
RAM              0x20000000         0x00050000         xrw
FLASH            0x08000000         0x00100000         xr
*default*        0x00000000         0xffffffff

Linker script and memory map

LOAD /Users/arad/Library/Application Support/stm32cube/bundles/gnu-tools-for-stm32/14.3.1+st.2/bin/../lib/gcc/arm-none-eabi/14.3.1/thumb/v7e-m+dp/hard/crti.o
LOAD /Users/arad/Library/Application Support/stm32cube/bundles/gnu-tools-for-stm32/14.3.1+st.2/bin/../lib/gcc/arm-none-eabi/14.3.1/thumb/v7e-m+dp/hard/crtbegin.o
LOAD /Users/arad/Library/Application Support/stm32cube/bundles/gnu-tools-for-stm32/14.3.1+st.2/bin/../lib/gcc/arm-none-eabi/14.3.1/../../../../arm-none-eabi/lib/thumb/v7e-m+dp/hard/crt0.o
START GROUP
LOAD /Users/arad/Library/Application Support/stm32cube/bundles/gnu-tools-for-stm32/14.3.1+st.2/bin/../lib/gcc/arm-none-eabi/14.3.1/../../../../arm-none-eabi/lib/thumb/v7e-m+dp/hard/libc.a
LOAD /Users/arad/Library/Application Support/stm32cube/bundles/gnu-tools-for-stm32/14.3.1+st.2/bin/../lib/gcc/arm-none-eabi/14.3.1/../../../../arm-none-eabi/lib/thumb/v7e-m+dp/hard/libm.a
LOAD /Users/arad/Library/Application Support/stm32cube/bundles/gnu-tools-for-stm32/14.3.1+st.2/bin/../lib/gcc/arm-none-eabi/14.3.1/../../../../arm-none-eabi/lib/thumb/v7e-m+dp/hard/libstdc++.a
LOAD /Users/arad/Library/Application Support/stm32cube/bundles/gnu-tools-for-stm32/14.3.1+st.2/bin/../lib/gcc/arm-none-eabi/14.3.1/../../../../arm-none-eabi/lib/thumb/v7e-m+dp/hard/libsupc++.a
END GROUP
LOAD CMakeFiles/board_bringup.dir/Src/main.c.obj
LOAD CMakeFiles/board_bringup.dir/Src/stm32f7xx_hal_msp.c.obj
LOAD CMakeFiles/board_bringup.dir/Src/stm32f7xx_it.c.obj
LOAD CMakeFiles/board_bringup.dir/Src/system_stm32f7xx.c.obj
LOAD CMakeFiles/board_bringup.dir/Src/syscall.c.obj
LOAD CMakeFiles/board_bringup.dir/Src/sysmem.c.obj
LOAD CMakeFiles/board_bringup.dir/Src/startup_stm32f746xx.S.obj
LOAD CMakeFiles/board_bringup.dir/Users/arad/Documents/Uni/Tasks/Az_iot/STM32CubeF7/Drivers/STM32F7xx_HAL_Driver/Src/stm32f7xx_hal.c.obj
LOAD CMakeFiles/board_bringup.dir/Users/arad/Documents/Uni/Tasks/Az_iot/STM32CubeF7/Drivers/STM32F7xx_HAL_Driver/Src/stm32f7xx_hal_cortex.c.obj
LOAD CMakeFiles/board_bringup.dir/Users/arad/Documents/Uni/Tasks/Az_iot/STM32CubeF7/Drivers/STM32F7xx_HAL_Driver/Src/stm32f7xx_hal_gpio.c.obj
LOAD CMakeFiles/board_bringup.dir/Users/arad/Documents/Uni/Tasks/Az_iot/STM32CubeF7/Drivers/STM32F7xx_HAL_Driver/Src/stm32f7xx_hal_rcc.c.obj
LOAD CMakeFiles/board_bringup.dir/Users/arad/Documents/Uni/Tasks/Az_iot/STM32CubeF7/Drivers/STM32F7xx_HAL_Driver/Src/stm32f7xx_hal_rcc_ex.c.obj
LOAD CMakeFiles/board_bringup.dir/Users/arad/Documents/Uni/Tasks/Az_iot/STM32CubeF7/Drivers/STM32F7xx_HAL_Driver/Src/stm32f7xx_hal_pwr.c.obj
LOAD CMakeFiles/board_bringup.dir/Users/arad/Documents/Uni/Tasks/Az_iot/STM32CubeF7/Drivers/STM32F7xx_HAL_Driver/Src/stm32f7xx_hal_pwr_ex.c.obj
LOAD CMakeFiles/board_bringup.dir/Users/arad/Documents/Uni/Tasks/Az_iot/STM32CubeF7/Drivers/STM32F7xx_HAL_Driver/Src/stm32f7xx_hal_ltdc.c.obj
LOAD CMakeFiles/board_bringup.dir/Users/arad/Documents/Uni/Tasks/Az_iot/STM32CubeF7/Drivers/STM32F7xx_HAL_Driver/Src/stm32f7xx_hal_flash.c.obj
LOAD CMakeFiles/board_bringup.dir/Users/arad/Documents/Uni/Tasks/Az_iot/STM32CubeF7/Drivers/STM32F7xx_HAL_Driver/Src/stm32f7xx_hal_flash_ex.c.obj
START GROUP
LOAD /Users/arad/Library/Application Support/stm32cube/bundles/gnu-tools-for-stm32/14.3.1+st.2/bin/../lib/gcc/arm-none-eabi/14.3.1/thumb/v7e-m+dp/hard/libgcc.a
LOAD /Users/arad/Library/Application Support/stm32cube/bundles/gnu-tools-for-stm32/14.3.1+st.2/bin/../lib/gcc/arm-none-eabi/14.3.1/../../../../arm-none-eabi/lib/thumb/v7e-m+dp/hard/libc.a
END GROUP
START GROUP
LOAD /Users/arad/Library/Application Support/stm32cube/bundles/gnu-tools-for-stm32/14.3.1+st.2/bin/../lib/gcc/arm-none-eabi/14.3.1/thumb/v7e-m+dp/hard/libgcc.a
LOAD /Users/arad/Library/Application Support/stm32cube/bundles/gnu-tools-for-stm32/14.3.1+st.2/bin/../lib/gcc/arm-none-eabi/14.3.1/../../../../arm-none-eabi/lib/thumb/v7e-m+dp/hard/libc.a
LOAD /Users/arad/Library/Application Support/stm32cube/bundles/gnu-tools-for-stm32/14.3.1+st.2/bin/../lib/gcc/arm-none-eabi/14.3.1/../../../../arm-none-eabi/lib/thumb/v7e-m+dp/hard/libnosys.a
END GROUP
LOAD /Users/arad/Library/Application Support/stm32cube/bundles/gnu-tools-for-stm32/14.3.1+st.2/bin/../lib/gcc/arm-none-eabi/14.3.1/thumb/v7e-m+dp/hard/crtend.o
LOAD /Users/arad/Library/Application Support/stm32cube/bundles/gnu-tools-for-stm32/14.3.1+st.2/bin/../lib/gcc/arm-none-eabi/14.3.1/thumb/v7e-m+dp/hard/crtn.o
                0x20050000                        _estack = (ORIGIN (RAM) + LENGTH (RAM))
                0x00000200                        _Min_Heap_Size = 0x200
                0x00000400                        _Min_Stack_Size = 0x400

.isr_vector     0x08000000      0x1c8
                0x08000000                        . = ALIGN (0x4)
 *(.isr_vector)
 .isr_vector    0x08000000      0x1c8 CMakeFiles/board_bringup.dir/Src/startup_stm32f746xx.S.obj
                0x08000000                g_pfnVectors
                0x080001c8                        . = ALIGN (0x4)

.text           0x080001c8     0x2af8
                0x080001c8                        . = ALIGN (0x4)
 *(.text)
 .text          0x080001c8       0x40 /Users/arad/Library/Application Support/stm32cube/bundles/gnu-tools-for-stm32/14.3.1+st.2/bin/../lib/gcc/arm-none-eabi/14.3.1/thumb/v7e-m+dp/hard/crtbegin.o
 .text          0x08000208       0x30 /Users/arad/Library/Application Support/stm32cube/bundles/gnu-tools-for-stm32/14.3.1+st.2/bin/../lib/gcc/arm-none-eabi/14.3.1/thumb/v7e-m+dp/hard/libgcc.a(_aeabi_uldivmod.o)
                0x08000208                __aeabi_uldivmod
 .text          0x08000238      0x2f8 /Users/arad/Library/Application Support/stm32cube/bundles/gnu-tools-for-stm32/14.3.1+st.2/bin/../lib/gcc/arm-none-eabi/14.3.1/thumb/v7e-m+dp/hard/libgcc.a(_udivmoddi4.o)
                0x08000238                __udivmoddi4
 .text          0x08000530        0x4 /Users/arad/Library/Application Support/stm32cube/bundles/gnu-tools-for-stm32/14.3.1+st.2/bin/../lib/gcc/arm-none-eabi/14.3.1/thumb/v7e-m+dp/hard/libgcc.a(_dvmd_tls.o)
                0x08000530                __aeabi_ldiv0
                0x08000530                __aeabi_idiv0
 *(.text*)
 .text.memset   0x08000534       0x9c /Users/arad/Library/Application Support/stm32cube/bundles/gnu-tools-for-stm32/14.3.1+st.2/bin/../lib/gcc/arm-none-eabi/14.3.1/../../../../arm-none-eabi/lib/thumb/v7e-m+dp/hard/libc.a(libc_a-memset.o)
                0x08000534                memset
 .text.__libc_init_array
                0x080005d0       0x50 /Users/arad/Library/Application Support/stm32cube/bundles/gnu-tools-for-stm32/14.3.1+st.2/bin/../lib/gcc/arm-none-eabi/14.3.1/../../../../arm-none-eabi/lib/thumb/v7e-m+dp/hard/libc.a(libc_a-init.o)
                0x080005d0                __libc_init_array
 .text.__retarget_lock_acquire_recursive
                0x08000620        0x4 /Users/arad/Library/Application Support/stm32cube/bundles/gnu-tools-for-stm32/14.3.1+st.2/bin/../lib/gcc/arm-none-eabi/14.3.1/../../../../arm-none-eabi/lib/thumb/v7e-m+dp/hard/libc.a(libc_a-lock.o)
                0x08000620                __retarget_lock_acquire_recursive
 .text.__retarget_lock_release_recursive
                0x08000624        0x4 /Users/arad/Library/Application Support/stm32cube/bundles/gnu-tools-for-stm32/14.3.1+st.2/bin/../lib/gcc/arm-none-eabi/14.3.1/../../../../arm-none-eabi/lib/thumb/v7e-m+dp/hard/libc.a(libc_a-lock.o)
                0x08000624                __retarget_lock_release_recursive
 .text.startup.register_fini
                0x08000628       0x14 /Users/arad/Library/Application Support/stm32cube/bundles/gnu-tools-for-stm32/14.3.1+st.2/bin/../lib/gcc/arm-none-eabi/14.3.1/../../../../arm-none-eabi/lib/thumb/v7e-m+dp/hard/libc.a(libc_a-__call_atexit.o)
 .text.atexit   0x0800063c        0xc /Users/arad/Library/Application Support/stm32cube/bundles/gnu-tools-for-stm32/14.3.1+st.2/bin/../lib/gcc/arm-none-eabi/14.3.1/../../../../arm-none-eabi/lib/thumb/v7e-m+dp/hard/libc.a(libc_a-atexit.o)
                0x0800063c                atexit
 .text.__libc_fini_array
                0x08000648       0x28 /Users/arad/Library/Application Support/stm32cube/bundles/gnu-tools-for-stm32/14.3.1+st.2/bin/../lib/gcc/arm-none-eabi/14.3.1/../../../../arm-none-eabi/lib/thumb/v7e-m+dp/hard/libc.a(libc_a-fini.o)
                0x08000648                __libc_fini_array
 .text.__register_exitproc
                0x08000670       0x80 /Users/arad/Library/Application Support/stm32cube/bundles/gnu-tools-for-stm32/14.3.1+st.2/bin/../lib/gcc/arm-none-eabi/14.3.1/../../../../arm-none-eabi/lib/thumb/v7e-m+dp/hard/libc.a(libc_a-__atexit.o)
                0x08000670                __register_exitproc
 .text.SCB_EnableICache
                0x080006f0       0x4c CMakeFiles/board_bringup.dir/Src/main.c.obj
 .text.SCB_EnableDCache
                0x0800073c       0x88 CMakeFiles/board_bringup.dir/Src/main.c.obj
 .text.main     0x080007c4      0x1d4 CMakeFiles/board_bringup.dir/Src/main.c.obj
                0x080007c4                main
 .text.SystemClock_Config
                0x08000998       0xa0 CMakeFiles/board_bringup.dir/Src/main.c.obj
 .text.LCD_Config
                0x08000a38      0x158 CMakeFiles/board_bringup.dir/Src/main.c.obj
 .text.Error_Handler
                0x08000b90        0x8 CMakeFiles/board_bringup.dir/Src/main.c.obj
 .text.CPU_CACHE_Enable
                0x08000b98       0x10 CMakeFiles/board_bringup.dir/Src/main.c.obj
 .text.MPU_Config
                0x08000ba8       0x4c CMakeFiles/board_bringup.dir/Src/main.c.obj
 .text.HAL_LTDC_MspInit
                0x08000bf4      0x180 CMakeFiles/board_bringup.dir/Src/stm32f7xx_hal_msp.c.obj
                0x08000bf4                HAL_LTDC_MspInit
 .text.NMI_Handler
                0x08000d74        0xe CMakeFiles/board_bringup.dir/Src/stm32f7xx_it.c.obj
                0x08000d74                NMI_Handler
 .text.HardFault_Handler
                0x08000d82        0x8 CMakeFiles/board_bringup.dir/Src/stm32f7xx_it.c.obj
                0x08000d82                HardFault_Handler
 .text.MemManage_Handler
                0x08000d8a        0x8 CMakeFiles/board_bringup.dir/Src/stm32f7xx_it.c.obj
                0x08000d8a                MemManage_Handler
 .text.BusFault_Handler
                0x08000d92        0x8 CMakeFiles/board_bringup.dir/Src/stm32f7xx_it.c.obj
                0x08000d92                BusFault_Handler
 .text.UsageFault_Handler
                0x08000d9a        0x8 CMakeFiles/board_bringup.dir/Src/stm32f7xx_it.c.obj
                0x08000d9a                UsageFault_Handler
 .text.SVC_Handler
                0x08000da2        0xe CMakeFiles/board_bringup.dir/Src/stm32f7xx_it.c.obj
                0x08000da2                SVC_Handler
 .text.DebugMon_Handler
                0x08000db0        0xe CMakeFiles/board_bringup.dir/Src/stm32f7xx_it.c.obj
                0x08000db0                DebugMon_Handler
 .text.PendSV_Handler
                0x08000dbe        0xe CMakeFiles/board_bringup.dir/Src/stm32f7xx_it.c.obj
                0x08000dbe                PendSV_Handler
 .text.SysTick_Handler
                0x08000dcc        0xc CMakeFiles/board_bringup.dir/Src/stm32f7xx_it.c.obj
                0x08000dcc                SysTick_Handler
 .text.SystemInit
                0x08000dd8       0x6c CMakeFiles/board_bringup.dir/Src/system_stm32f7xx.c.obj
                0x08000dd8                SystemInit
 .text.Reset_Handler
                0x08000e44       0x50 CMakeFiles/board_bringup.dir/Src/startup_stm32f746xx.S.obj
                0x08000e44                Reset_Handler
 .text.Default_Handler
                0x08000e94        0x2 CMakeFiles/board_bringup.dir/Src/startup_stm32f746xx.S.obj
                0x08000e94                DMA1_Stream3_IRQHandler
                0x08000e94                EXTI2_IRQHandler
                0x08000e94                TIM8_CC_IRQHandler
                0x08000e94                UART8_IRQHandler
                0x08000e94                SPI4_IRQHandler
                0x08000e94                TIM1_CC_IRQHandler
                0x08000e94                QuadSPI_IRQHandler
                0x08000e94                DMA2_Stream5_IRQHandler
                0x08000e94                DMA1_Stream5_IRQHandler
                0x08000e94                PVD_IRQHandler
                0x08000e94                TAMP_STAMP_IRQHandler
                0x08000e94                CAN2_RX1_IRQHandler
                0x08000e94                EXTI3_IRQHandler
                0x08000e94                TIM8_TRG_COM_TIM14_IRQHandler
                0x08000e94                TIM1_UP_TIM10_IRQHandler
                0x08000e94                TIM8_UP_TIM13_IRQHandler
                0x08000e94                I2C3_ER_IRQHandler
                0x08000e94                LCD_TFT_IRQHandler
                0x08000e94                EXTI0_IRQHandler
                0x08000e94                I2C2_EV_IRQHandler
                0x08000e94                DMA1_Stream2_IRQHandler
                0x08000e94                CAN1_RX0_IRQHandler
                0x08000e94                FPU_IRQHandler
                0x08000e94                OTG_HS_WKUP_IRQHandler
                0x08000e94                LTDC_ER_IRQHandler
                0x08000e94                CAN2_SCE_IRQHandler
                0x08000e94                DMA2_Stream2_IRQHandler
                0x08000e94                SPI1_IRQHandler
                0x08000e94                TIM6_DAC_IRQHandler
                0x08000e94                TIM1_BRK_TIM9_IRQHandler
                0x08000e94                DCMI_IRQHandler
                0x08000e94                CAN2_RX0_IRQHandler
                0x08000e94                DMA2_Stream3_IRQHandler
                0x08000e94                RTC_ALARM_IRQHandler
                0x08000e94                SAI2_IRQHandler
                0x08000e94                USART6_IRQHandler
                0x08000e94                USART3_IRQHandler
                0x08000e94                CRYP_IRQHandler
                0x08000e94                CAN1_RX1_IRQHandler
                0x08000e94                UART5_IRQHandler
                0x08000e94                DMA2_Stream0_IRQHandler
                0x08000e94                TIM4_IRQHandler
                0x08000e94                I2C1_EV_IRQHandler
                0x08000e94                HDMI_CEC_IRQHandler
                0x08000e94                DMA1_Stream6_IRQHandler
                0x08000e94                DMA1_Stream1_IRQHandler
                0x08000e94                UART4_IRQHandler
                0x08000e94                TIM3_IRQHandler
                0x08000e94                RCC_IRQHandler
                0x08000e94                TIM8_BRK_TIM12_IRQHandler
                0x08000e94                Default_Handler
                0x08000e94                EXTI15_10_IRQHandler
                0x08000e94                ADC_IRQHandler
                0x08000e94                DMA1_Stream7_IRQHandler
                0x08000e94                SPI5_IRQHandler
                0x08000e94                LPTimer1_IRQHandler
                0x08000e94                TIM7_IRQHandler
                0x08000e94                SDMMC1_IRQHandler
                0x08000e94                CAN2_TX_IRQHandler
                0x08000e94                TIM5_IRQHandler
                0x08000e94                DMA2_Stream7_IRQHandler
                0x08000e94                I2C3_EV_IRQHandler
                0x08000e94                EXTI9_5_IRQHandler
                0x08000e94                RTC_WKUP_IRQHandler
                0x08000e94                ETH_WKUP_IRQHandler
                0x08000e94                SPI2_IRQHandler
                0x08000e94                OTG_HS_EP1_IN_IRQHandler
                0x08000e94                DMA1_Stream0_IRQHandler
                0x08000e94                CAN1_TX_IRQHandler
                0x08000e94                EXTI4_IRQHandler
                0x08000e94                ETH_IRQHandler
                0x08000e94                OTG_HS_EP1_OUT_IRQHandler
                0x08000e94                WWDG_IRQHandler
                0x08000e94                SPI6_IRQHandler
                0x08000e94                I2C4_EV_IRQHandler
                0x08000e94                TIM2_IRQHandler
                0x08000e94                OTG_FS_WKUP_IRQHandler
                0x08000e94                TIM1_TRG_COM_TIM11_IRQHandler
                0x08000e94                OTG_HS_IRQHandler
                0x08000e94                DMA2D_IRQHandler
                0x08000e94                EXTI1_IRQHandler
                0x08000e94                UART7_IRQHandler
                0x08000e94                USART2_IRQHandler
                0x08000e94                I2C2_ER_IRQHandler
                0x08000e94                SPDIFRX_IRQHandler
                0x08000e94                DMA2_Stream1_IRQHandler
                0x08000e94                CAN1_SCE_IRQHandler
                0x08000e94                FLASH_IRQHandler
                0x08000e94                DMA2_Stream4_IRQHandler
                0x08000e94                USART1_IRQHandler
                0x08000e94                OTG_FS_IRQHandler
                0x08000e94                SPI3_IRQHandler
                0x08000e94                DMA1_Stream4_IRQHandler
                0x08000e94                I2C1_ER_IRQHandler
                0x08000e94                FMC_IRQHandler
                0x08000e94                I2C4_ER_IRQHandler
                0x08000e94                DMA2_Stream6_IRQHandler
                0x08000e94                SAI1_IRQHandler
                0x08000e94                HASH_RNG_IRQHandler
 *fill*         0x08000e96        0x2 
 .text.HAL_Init
                0x08000e98       0x2c CMakeFiles/board_bringup.dir/Users/arad/Documents/Uni/Tasks/Az_iot/STM32CubeF7/Drivers/STM32F7xx_HAL_Driver/Src/stm32f7xx_hal.c.obj
                0x08000e98                HAL_Init
 .text.HAL_MspInit
                0x08000ec4        0xe CMakeFiles/board_bringup.dir/Users/arad/Documents/Uni/Tasks/Az_iot/STM32CubeF7/Drivers/STM32F7xx_HAL_Driver/Src/stm32f7xx_hal.c.obj
                0x08000ec4                HAL_MspInit
 *fill*         0x08000ed2        0x2 
 .text.HAL_InitTick
                0x08000ed4       0x60 CMakeFiles/board_bringup.dir/Users/arad/Documents/Uni/Tasks/Az_iot/STM32CubeF7/Drivers/STM32F7xx_HAL_Driver/Src/stm32f7xx_hal.c.obj
                0x08000ed4                HAL_InitTick
 .text.HAL_IncTick
                0x08000f34       0x28 CMakeFiles/board_bringup.dir/Users/arad/Documents/Uni/Tasks/Az_iot/STM32CubeF7/Drivers/STM32F7xx_HAL_Driver/Src/stm32f7xx_hal.c.obj
                0x08000f34                HAL_IncTick
 .text.HAL_GetTick
                0x08000f5c       0x18 CMakeFiles/board_bringup.dir/Users/arad/Documents/Uni/Tasks/Az_iot/STM32CubeF7/Drivers/STM32F7xx_HAL_Driver/Src/stm32f7xx_hal.c.obj
                0x08000f5c                HAL_GetTick
 .text.HAL_Delay
                0x08000f74       0x48 CMakeFiles/board_bringup.dir/Users/arad/Documents/Uni/Tasks/Az_iot/STM32CubeF7/Drivers/STM32F7xx_HAL_Driver/Src/stm32f7xx_hal.c.obj
                0x08000f74                HAL_Delay
 .text.__NVIC_SetPriorityGrouping
                0x08000fbc       0x48 CMakeFiles/board_bringup.dir/Users/arad/Documents/Uni/Tasks/Az_iot/STM32CubeF7/Drivers/STM32F7xx_HAL_Driver/Src/stm32f7xx_hal_cortex.c.obj
 .text.__NVIC_GetPriorityGrouping
                0x08001004       0x1c CMakeFiles/board_bringup.dir/Users/arad/Documents/Uni/Tasks/Az_iot/STM32CubeF7/Drivers/STM32F7xx_HAL_Driver/Src/stm32f7xx_hal_cortex.c.obj
 .text.__NVIC_SetPriority
                0x08001020       0x54 CMakeFiles/board_bringup.dir/Users/arad/Documents/Uni/Tasks/Az_iot/STM32CubeF7/Drivers/STM32F7xx_HAL_Driver/Src/stm32f7xx_hal_cortex.c.obj
 .text.NVIC_EncodePriority
                0x08001074       0x66 CMakeFiles/board_bringup.dir/Users/arad/Documents/Uni/Tasks/Az_iot/STM32CubeF7/Drivers/STM32F7xx_HAL_Driver/Src/stm32f7xx_hal_cortex.c.obj
 *fill*         0x080010da        0x2 
 .text.SysTick_Config
                0x080010dc       0x44 CMakeFiles/board_bringup.dir/Users/arad/Documents/Uni/Tasks/Az_iot/STM32CubeF7/Drivers/STM32F7xx_HAL_Driver/Src/stm32f7xx_hal_cortex.c.obj
 .text.HAL_NVIC_SetPriorityGrouping
                0x08001120       0x16 CMakeFiles/board_bringup.dir/Users/arad/Documents/Uni/Tasks/Az_iot/STM32CubeF7/Drivers/STM32F7xx_HAL_Driver/Src/stm32f7xx_hal_cortex.c.obj
                0x08001120                HAL_NVIC_SetPriorityGrouping
 .text.HAL_NVIC_SetPriority
                0x08001136       0x38 CMakeFiles/board_bringup.dir/Users/arad/Documents/Uni/Tasks/Az_iot/STM32CubeF7/Drivers/STM32F7xx_HAL_Driver/Src/stm32f7xx_hal_cortex.c.obj
                0x08001136                HAL_NVIC_SetPriority
 .text.HAL_SYSTICK_Config
                0x0800116e       0x18 CMakeFiles/board_bringup.dir/Users/arad/Documents/Uni/Tasks/Az_iot/STM32CubeF7/Drivers/STM32F7xx_HAL_Driver/Src/stm32f7xx_hal_cortex.c.obj
                0x0800116e                HAL_SYSTICK_Config
 *fill*         0x08001186        0x2 
 .text.HAL_MPU_Disable
                0x08001188       0x30 CMakeFiles/board_bringup.dir/Users/arad/Documents/Uni/Tasks/Az_iot/STM32CubeF7/Drivers/STM32F7xx_HAL_Driver/Src/stm32f7xx_hal_cortex.c.obj
                0x08001188                HAL_MPU_Disable
 .text.HAL_MPU_Enable
                0x080011b8       0x40 CMakeFiles/board_bringup.dir/Users/arad/Documents/Uni/Tasks/Az_iot/STM32CubeF7/Drivers/STM32F7xx_HAL_Driver/Src/stm32f7xx_hal_cortex.c.obj
                0x080011b8                HAL_MPU_Enable
 .text.HAL_MPU_ConfigRegion
                0x080011f8       0x80 CMakeFiles/board_bringup.dir/Users/arad/Documents/Uni/Tasks/Az_iot/STM32CubeF7/Drivers/STM32F7xx_HAL_Driver/Src/stm32f7xx_hal_cortex.c.obj
                0x080011f8                HAL_MPU_ConfigRegion
 .text.HAL_GPIO_Init
                0x08001278      0x358 CMakeFiles/board_bringup.dir/Users/arad/Documents/Uni/Tasks/Az_iot/STM32CubeF7/Drivers/STM32F7xx_HAL_Driver/Src/stm32f7xx_hal_gpio.c.obj
                0x08001278                HAL_GPIO_Init
 .text.HAL_GPIO_WritePin
                0x080015d0       0x32 CMakeFiles/board_bringup.dir/Users/arad/Documents/Uni/Tasks/Az_iot/STM32CubeF7/Drivers/STM32F7xx_HAL_Driver/Src/stm32f7xx_hal_gpio.c.obj
                0x080015d0                HAL_GPIO_WritePin
 *fill*         0x08001602        0x2 
 .text.HAL_RCC_OscConfig
                0x08001604      0x548 CMakeFiles/board_bringup.dir/Users/arad/Documents/Uni/Tasks/Az_iot/STM32CubeF7/Drivers/STM32F7xx_HAL_Driver/Src/stm32f7xx_hal_rcc.c.obj
                0x08001604                HAL_RCC_OscConfig
 .text.HAL_RCC_ClockConfig
                0x08001b4c      0x1d8 CMakeFiles/board_bringup.dir/Users/arad/Documents/Uni/Tasks/Az_iot/STM32CubeF7/Drivers/STM32F7xx_HAL_Driver/Src/stm32f7xx_hal_rcc.c.obj
                0x08001b4c                HAL_RCC_ClockConfig
 .text.HAL_RCC_GetSysClockFreq
                0x08001d24      0x188 CMakeFiles/board_bringup.dir/Users/arad/Documents/Uni/Tasks/Az_iot/STM32CubeF7/Drivers/STM32F7xx_HAL_Driver/Src/stm32f7xx_hal_rcc.c.obj
                0x08001d24                HAL_RCC_GetSysClockFreq
 .text.HAL_RCCEx_PeriphCLKConfig
                0x08001eac      0x7e0 CMakeFiles/board_bringup.dir/Users/arad/Documents/Uni/Tasks/Az_iot/STM32CubeF7/Drivers/STM32F7xx_HAL_Driver/Src/stm32f7xx_hal_rcc_ex.c.obj
                0x08001eac                HAL_RCCEx_PeriphCLKConfig
 .text.HAL_PWREx_EnableOverDrive
                0x0800268c       0xa0 CMakeFiles/board_bringup.dir/Users/arad/Documents/Uni/Tasks/Az_iot/STM32CubeF7/Drivers/STM32F7xx_HAL_Driver/Src/stm32f7xx_hal_pwr_ex.c.obj
                0x0800268c                HAL_PWREx_EnableOverDrive
 .text.HAL_LTDC_Init
                0x0800272c      0x13a CMakeFiles/board_bringup.dir/Users/arad/Documents/Uni/Tasks/Az_iot/STM32CubeF7/Drivers/STM32F7xx_HAL_Driver/Src/stm32f7xx_hal_ltdc.c.obj
                0x0800272c                HAL_LTDC_Init
 .text.HAL_LTDC_ConfigLayer
                0x08002866       0x7c CMakeFiles/board_bringup.dir/Users/arad/Documents/Uni/Tasks/Az_iot/STM32CubeF7/Drivers/STM32F7xx_HAL_Driver/Src/stm32f7xx_hal_ltdc.c.obj
                0x08002866                HAL_LTDC_ConfigLayer
 .text.HAL_LTDC_SetAlpha
                0x080028e2       0x6c CMakeFiles/board_bringup.dir/Users/arad/Documents/Uni/Tasks/Az_iot/STM32CubeF7/Drivers/STM32F7xx_HAL_Driver/Src/stm32f7xx_hal_ltdc.c.obj
                0x080028e2                HAL_LTDC_SetAlpha
 .text.HAL_LTDC_SetAddress
                0x0800294e       0x6c CMakeFiles/board_bringup.dir/Users/arad/Documents/Uni/Tasks/Az_iot/STM32CubeF7/Drivers/STM32F7xx_HAL_Driver/Src/stm32f7xx_hal_ltdc.c.obj
                0x0800294e                HAL_LTDC_SetAddress
 *fill*         0x080029ba        0x2 
 .text.LTDC_SetConfig
                0x080029bc      0x2ec CMakeFiles/board_bringup.dir/Users/arad/Documents/Uni/Tasks/Az_iot/STM32CubeF7/Drivers/STM32F7xx_HAL_Driver/Src/stm32f7xx_hal_ltdc.c.obj
 *(.glue_7)
 .glue_7        0x08002ca8        0x0 linker stubs
 *(.glue_7t)
 .glue_7t       0x08002ca8        0x0 linker stubs
 *(.eh_frame)
 .eh_frame      0x08002ca8        0x0 /Users/arad/Library/Application Support/stm32cube/bundles/gnu-tools-for-stm32/14.3.1+st.2/bin/../lib/gcc/arm-none-eabi/14.3.1/thumb/v7e-m+dp/hard/crtbegin.o
 *(.init)
 .init          0x08002ca8        0x4 /Users/arad/Library/Application Support/stm32cube/bundles/gnu-tools-for-stm32/14.3.1+st.2/bin/../lib/gcc/arm-none-eabi/14.3.1/thumb/v7e-m+dp/hard/crti.o
                0x08002ca8                _init
 .init          0x08002cac        0x8 /Users/arad/Library/Application Support/stm32cube/bundles/gnu-tools-for-stm32/14.3.1+st.2/bin/../lib/gcc/arm-none-eabi/14.3.1/thumb/v7e-m+dp/hard/crtn.o
 *(.fini)
 .fini          0x08002cb4        0x4 /Users/arad/Library/Application Support/stm32cube/bundles/gnu-tools-for-stm32/14.3.1+st.2/bin/../lib/gcc/arm-none-eabi/14.3.1/thumb/v7e-m+dp/hard/crti.o
                0x08002cb4                _fini
 .fini          0x08002cb8        0x8 /Users/arad/Library/Application Support/stm32cube/bundles/gnu-tools-for-stm32/14.3.1+st.2/bin/../lib/gcc/arm-none-eabi/14.3.1/thumb/v7e-m+dp/hard/crtn.o
                0x08002cc0                        . = ALIGN (0x4)
                0x08002cc0                        _etext = .

.vfp11_veneer   0x08002cc0        0x0
 .vfp11_veneer  0x08002cc0        0x0 linker stubs

.v4_bx          0x08002cc0        0x0
 .v4_bx         0x08002cc0        0x0 linker stubs

.iplt           0x08002cc0        0x0
 .iplt          0x08002cc0        0x0 /Users/arad/Library/Application Support/stm32cube/bundles/gnu-tools-for-stm32/14.3.1+st.2/bin/../lib/gcc/arm-none-eabi/14.3.1/thumb/v7e-m+dp/hard/crtbegin.o

.rodata         0x08002cc0    0x9f110
                0x08002cc0                        . = ALIGN (0x4)
 *(.rodata)
 *(.rodata*)
 .rodata.RGB565_480x272
                0x08002cc0    0x3fc00 CMakeFiles/board_bringup.dir/Src/main.c.obj
                0x08002cc0                RGB565_480x272
 .rodata.HeartFrame1
                0x080428c0     0x9920 CMakeFiles/board_bringup.dir/Src/main.c.obj
                0x080428c0                HeartFrame1
 .rodata.HeartFrame2
                0x0804c1e0     0x9920 CMakeFiles/board_bringup.dir/Src/main.c.obj
                0x0804c1e0                HeartFrame2
 .rodata.HeartFrame3
                0x08055b00     0x9920 CMakeFiles/board_bringup.dir/Src/main.c.obj
                0x08055b00                HeartFrame3
 .rodata.HeartFrame4
                0x0805f420     0x9920 CMakeFiles/board_bringup.dir/Src/main.c.obj
                0x0805f420                HeartFrame4
 .rodata.HeartFrame5
                0x08068d40     0x9920 CMakeFiles/board_bringup.dir/Src/main.c.obj
                0x08068d40                HeartFrame5
 .rodata.HeartFrame6
                0x08072660     0x9920 CMakeFiles/board_bringup.dir/Src/main.c.obj
                0x08072660                HeartFrame6
 .rodata.HeartFrame7
                0x0807bf80     0x9920 CMakeFiles/board_bringup.dir/Src/main.c.obj
                0x0807bf80                HeartFrame7
 .rodata.HeartFrame8
                0x080858a0     0x9920 CMakeFiles/board_bringup.dir/Src/main.c.obj
                0x080858a0                HeartFrame8
 .rodata.SplashScreen
                0x0808f1c0    0x12c00 CMakeFiles/board_bringup.dir/Src/main.c.obj
                0x0808f1c0                SplashScreen
 .rodata.AHBPrescTable
                0x080a1dc0       0x10 CMakeFiles/board_bringup.dir/Src/system_stm32f7xx.c.obj
                0x080a1dc0                AHBPrescTable
                0x080a1dd0                        . = ALIGN (0x4)

.ARM.extab      0x080a1dd0        0x0
                0x080a1dd0                        . = ALIGN (0x4)
 *(.ARM.extab* .gnu.linkonce.armextab.*)
                0x080a1dd0                        . = ALIGN (0x4)

.ARM            0x080a1dd0        0x8
                0x080a1dd0                        . = ALIGN (0x4)
                0x080a1dd0                        __exidx_start = .
 *(.ARM.exidx*)
 .ARM.exidx     0x080a1dd0        0x8 /Users/arad/Library/Application Support/stm32cube/bundles/gnu-tools-for-stm32/14.3.1+st.2/bin/../lib/gcc/arm-none-eabi/14.3.1/thumb/v7e-m+dp/hard/libgcc.a(_udivmoddi4.o)
                0x080a1dd8                        __exidx_end = .
                0x080a1dd8                        . = ALIGN (0x4)

.preinit_array  0x080a1dd8        0x0
                0x080a1dd8                        . = ALIGN (0x4)
                0x080a1dd8                        PROVIDE (__preinit_array_start = .)
 *(.preinit_array*)
                0x080a1dd8                        PROVIDE (__preinit_array_end = .)
                0x080a1dd8                        . = ALIGN (0x4)

.init_array     0x080a1dd8        0x8
                0x080a1dd8                        . = ALIGN (0x4)
                0x080a1dd8                        PROVIDE (__init_array_start = .)
 *(SORT_BY_NAME(.init_array.*))
 .init_array.00000
                0x080a1dd8        0x4 /Users/arad/Library/Application Support/stm32cube/bundles/gnu-tools-for-stm32/14.3.1+st.2/bin/../lib/gcc/arm-none-eabi/14.3.1/../../../../arm-none-eabi/lib/thumb/v7e-m+dp/hard/libc.a(libc_a-__call_atexit.o)
 *(.init_array*)
 .init_array    0x080a1ddc        0x4 /Users/arad/Library/Application Support/stm32cube/bundles/gnu-tools-for-stm32/14.3.1+st.2/bin/../lib/gcc/arm-none-eabi/14.3.1/thumb/v7e-m+dp/hard/crtbegin.o
                0x080a1de0                        PROVIDE (__init_array_end = .)
                0x080a1de0                        . = ALIGN (0x4)

.fini_array     0x080a1de0        0x4
                0x080a1de0                        . = ALIGN (0x4)
                0x080a1de0                        PROVIDE (__fini_array_start = .)
 *(SORT_BY_NAME(.fini_array.*))
 *(.fini_array*)
 .fini_array    0x080a1de0        0x4 /Users/arad/Library/Application Support/stm32cube/bundles/gnu-tools-for-stm32/14.3.1+st.2/bin/../lib/gcc/arm-none-eabi/14.3.1/thumb/v7e-m+dp/hard/crtbegin.o
                0x080a1de4                        PROVIDE (__fini_array_end = .)
                0x080a1de4                        . = ALIGN (0x4)
                0x080a1de4                        _sidata = LOADADDR (.data)

.rel.dyn        0x080a1de4        0x0
 .rel.iplt      0x080a1de4        0x0 /Users/arad/Library/Application Support/stm32cube/bundles/gnu-tools-for-stm32/14.3.1+st.2/bin/../lib/gcc/arm-none-eabi/14.3.1/thumb/v7e-m+dp/hard/crtbegin.o

.data           0x20000000       0x10 load address 0x080a1de4
                0x20000000                        _sdata = .
 *(.data)
 *(.data*)
 .data.__atexit_recursive_mutex
                0x20000000        0x4 /Users/arad/Library/Application Support/stm32cube/bundles/gnu-tools-for-stm32/14.3.1+st.2/bin/../lib/gcc/arm-none-eabi/14.3.1/../../../../arm-none-eabi/lib/thumb/v7e-m+dp/hard/libc.a(libc_a-__call_atexit.o)
                0x20000000                __atexit_recursive_mutex
 .data.SystemCoreClock
                0x20000004        0x4 CMakeFiles/board_bringup.dir/Src/system_stm32f7xx.c.obj
                0x20000004                SystemCoreClock
 .data.uwTickPrio
                0x20000008        0x4 CMakeFiles/board_bringup.dir/Users/arad/Documents/Uni/Tasks/Az_iot/STM32CubeF7/Drivers/STM32F7xx_HAL_Driver/Src/stm32f7xx_hal.c.obj
                0x20000008                uwTickPrio
 .data.uwTickFreq
                0x2000000c        0x1 CMakeFiles/board_bringup.dir/Users/arad/Documents/Uni/Tasks/Az_iot/STM32CubeF7/Drivers/STM32F7xx_HAL_Driver/Src/stm32f7xx_hal.c.obj
                0x2000000c                uwTickFreq
 *(.RamFunc)
 *(.RamFunc*)
                0x20000010                        . = ALIGN (0x4)
 *fill*         0x2000000d        0x3 

.igot.plt       0x20000010        0x0 load address 0x080a1df4
 .igot.plt      0x20000010        0x0 /Users/arad/Library/Application Support/stm32cube/bundles/gnu-tools-for-stm32/14.3.1+st.2/bin/../lib/gcc/arm-none-eabi/14.3.1/thumb/v7e-m+dp/hard/crtbegin.o

.tdata          0x20000010        0x0 load address 0x080a1df4
 *(.tdata .tdata.* .gnu.linkonce.td.*)
                0x20000010                        . = ALIGN (0x4)
                0x20000010                        _edata = .
                [!provide]                        PROVIDE (__data_end = .)
                [!provide]                        PROVIDE (__tdata_end = .)
                [!provide]                        PROVIDE (__tdata_start = ADDR (.tdata))
                [!provide]                        PROVIDE (__tdata_size = (__tdata_end - __tdata_start))
                [!provide]                        PROVIDE (__data_start = ADDR (.data))
                [!provide]                        PROVIDE (__data_size = (__data_end - __data_start))
                [!provide]                        PROVIDE (__tdata_source = LOADADDR (.tdata))
                [!provide]                        PROVIDE (__tdata_source_end = (LOADADDR (.tdata) + SIZEOF (.tdata)))
                [!provide]                        PROVIDE (__tdata_source_size = (__tdata_source_end - __tdata_source))
                [!provide]                        PROVIDE (__data_source = LOADADDR (.data))
                [!provide]                        PROVIDE (__data_source_end = __tdata_source_end)
                [!provide]                        PROVIDE (__data_source_size = (__data_source_end - __data_source))

.tbss           0x20000010        0x0 load address 0x080a1df4
                0x20000010                        _sbss = .
                0x20000010                        __bss_start__ = _sbss
                [!provide]                        PROVIDE (__bss_start = .)
 *(.tbss .tbss.*)
                0x20000010                        . = ALIGN (0x4)
                [!provide]                        PROVIDE (__tbss_end = .)
                [!provide]                        PROVIDE (__tbss_start = ADDR (.tbss))
                [!provide]                        PROVIDE (__tbss_size = (__tbss_end - __tbss_start))
                [!provide]                        PROVIDE (__tbss_offset = (ADDR (.tbss) - ADDR (.tdata)))
                [!provide]                        PROVIDE (__tls_base = __tdata_start)
                [!provide]                        PROVIDE (__tls_end = __tbss_end)
                [!provide]                        PROVIDE (__tls_size = (__tls_end - __tls_base))
                [!provide]                        PROVIDE (__tls_align = MAX (ALIGNOF (.tdata), ALIGNOF (.tbss)))
                [!provide]                        PROVIDE (__tls_size_align = (((__tls_size + __tls_align) - 0x1) & ~ ((__tls_align - 0x1))))
                [!provide]                        PROVIDE (__arm32_tls_tcb_offset = MAX (0x8, __tls_align))
                [!provide]                        PROVIDE (__arm64_tls_tcb_offset = MAX (0x10, __tls_align))

.bss            0x20000010      0x260 load address 0x080a1df4
 *(.bss)
 .bss           0x20000010       0x1c /Users/arad/Library/Application Support/stm32cube/bundles/gnu-tools-for-stm32/14.3.1+st.2/bin/../lib/gcc/arm-none-eabi/14.3.1/thumb/v7e-m+dp/hard/crtbegin.o
 *(.bss*)
 .bss.__lock___atexit_recursive_mutex
                0x2000002c        0x1 /Users/arad/Library/Application Support/stm32cube/bundles/gnu-tools-for-stm32/14.3.1+st.2/bin/../lib/gcc/arm-none-eabi/14.3.1/../../../../arm-none-eabi/lib/thumb/v7e-m+dp/hard/libc.a(libc_a-lock.o)
                0x2000002c                __lock___atexit_recursive_mutex
 *fill*         0x2000002d        0x3 
 .bss.__atexit  0x20000030        0x4 /Users/arad/Library/Application Support/stm32cube/bundles/gnu-tools-for-stm32/14.3.1+st.2/bin/../lib/gcc/arm-none-eabi/14.3.1/../../../../arm-none-eabi/lib/thumb/v7e-m+dp/hard/libc.a(libc_a-__call_atexit.o)
                0x20000030                __atexit
 .bss.__atexit0
                0x20000034      0x190 /Users/arad/Library/Application Support/stm32cube/bundles/gnu-tools-for-stm32/14.3.1+st.2/bin/../lib/gcc/arm-none-eabi/14.3.1/../../../../arm-none-eabi/lib/thumb/v7e-m+dp/hard/libc.a(libc_a-__atexit.o)
                0x20000034                __atexit0
 .bss.hltdc_F   0x200001c4       0xa8 CMakeFiles/board_bringup.dir/Src/main.c.obj
 .bss.uwTick    0x2000026c        0x4 CMakeFiles/board_bringup.dir/Users/arad/Documents/Uni/Tasks/Az_iot/STM32CubeF7/Drivers/STM32F7xx_HAL_Driver/Src/stm32f7xx_hal.c.obj
                0x2000026c                uwTick
 *(COMMON)
                0x20000270                        . = ALIGN (0x4)
                0x20000270                        _ebss = .
                0x20000270                        __bss_end__ = _ebss
                [!provide]                        PROVIDE (__bss_end = .)
                [!provide]                        PROVIDE (__bss_size = (__bss_end - __bss_start))
                [!provide]                        PROVIDE (__non_tls_bss_start = ADDR (.bss))

._user_heap_stack
                0x20000270      0x600 load address 0x080a1df4
                0x20000270                        . = ALIGN (0x8)
                [!provide]                        PROVIDE (end = .)
                0x20000270                        PROVIDE (_end = .)
                0x20000470                        . = (. + _Min_Heap_Size)
 *fill*         0x20000270      0x200 
                0x20000870                        . = (. + _Min_Stack_Size)
 *fill*         0x20000470      0x400 
                0x20000870                        . = ALIGN (0x8)

/DISCARD/
 libc.a:*(*)
 libm.a:*(*)
 libgcc.a:*(*)

.ARM.attributes
                0x00000000       0x2e
 *(.ARM.attributes)
 .ARM.attributes
                0x00000000       0x20 /Users/arad/Library/Application Support/stm32cube/bundles/gnu-tools-for-stm32/14.3.1+st.2/bin/../lib/gcc/arm-none-eabi/14.3.1/thumb/v7e-m+dp/hard/crti.o
 .ARM.attributes
                0x00000020       0x32 /Users/arad/Library/Application Support/stm32cube/bundles/gnu-tools-for-stm32/14.3.1+st.2/bin/../lib/gcc/arm-none-eabi/14.3.1/thumb/v7e-m+dp/hard/crtbegin.o
 .ARM.attributes
                0x00000052       0x32 /Users/arad/Library/Application Support/stm32cube/bundles/gnu-tools-for-stm32/14.3.1+st.2/bin/../lib/gcc/arm-none-eabi/14.3.1/../../../../arm-none-eabi/lib/thumb/v7e-m+dp/hard/libc.a(libc_a-memset.o)
 .ARM.attributes
                0x00000084       0x32 /Users/arad/Library/Application Support/stm32cube/bundles/gnu-tools-for-stm32/14.3.1+st.2/bin/../lib/gcc/arm-none-eabi/14.3.1/../../../../arm-none-eabi/lib/thumb/v7e-m+dp/hard/libc.a(libc_a-init.o)
 .ARM.attributes
                0x000000b6       0x32 /Users/arad/Library/Application Support/stm32cube/bundles/gnu-tools-for-stm32/14.3.1+st.2/bin/../lib/gcc/arm-none-eabi/14.3.1/../../../../arm-none-eabi/lib/thumb/v7e-m+dp/hard/libc.a(libc_a-lock.o)
 .ARM.attributes
                0x000000e8       0x32 /Users/arad/Library/Application Support/stm32cube/bundles/gnu-tools-for-stm32/14.3.1+st.2/bin/../lib/gcc/arm-none-eabi/14.3.1/../../../../arm-none-eabi/lib/thumb/v7e-m+dp/hard/libc.a(libc_a-__call_atexit.o)
 .ARM.attributes
                0x0000011a       0x32 /Users/arad/Library/Application Support/stm32cube/bundles/gnu-tools-for-stm32/14.3.1+st.2/bin/../lib/gcc/arm-none-eabi/14.3.1/../../../../arm-none-eabi/lib/thumb/v7e-m+dp/hard/libc.a(libc_a-atexit.o)
 .ARM.attributes
                0x0000014c       0x32 /Users/arad/Library/Application Support/stm32cube/bundles/gnu-tools-for-stm32/14.3.1+st.2/bin/../lib/gcc/arm-none-eabi/14.3.1/../../../../arm-none-eabi/lib/thumb/v7e-m+dp/hard/libc.a(libc_a-fini.o)
 .ARM.attributes
                0x0000017e       0x32 /Users/arad/Library/Application Support/stm32cube/bundles/gnu-tools-for-stm32/14.3.1+st.2/bin/../lib/gcc/arm-none-eabi/14.3.1/../../../../arm-none-eabi/lib/thumb/v7e-m+dp/hard/libc.a(libc_a-__atexit.o)
 .ARM.attributes
                0x000001b0       0x32 CMakeFiles/board_bringup.dir/Src/main.c.obj
 .ARM.attributes
                0x000001e2       0x32 CMakeFiles/board_bringup.dir/Src/stm32f7xx_hal_msp.c.obj
 .ARM.attributes
                0x00000214       0x32 CMakeFiles/board_bringup.dir/Src/stm32f7xx_it.c.obj
 .ARM.attributes
                0x00000246       0x32 CMakeFiles/board_bringup.dir/Src/system_stm32f7xx.c.obj
 .ARM.attributes
                0x00000278       0x21 CMakeFiles/board_bringup.dir/Src/startup_stm32f746xx.S.obj
 .ARM.attributes
                0x00000299       0x32 CMakeFiles/board_bringup.dir/Users/arad/Documents/Uni/Tasks/Az_iot/STM32CubeF7/Drivers/STM32F7xx_HAL_Driver/Src/stm32f7xx_hal.c.obj
 .ARM.attributes
                0x000002cb       0x32 CMakeFiles/board_bringup.dir/Users/arad/Documents/Uni/Tasks/Az_iot/STM32CubeF7/Drivers/STM32F7xx_HAL_Driver/Src/stm32f7xx_hal_cortex.c.obj
 .ARM.attributes
                0x000002fd       0x32 CMakeFiles/board_bringup.dir/Users/arad/Documents/Uni/Tasks/Az_iot/STM32CubeF7/Drivers/STM32F7xx_HAL_Driver/Src/stm32f7xx_hal_gpio.c.obj
 .ARM.attributes
                0x0000032f       0x32 CMakeFiles/board_bringup.dir/Users/arad/Documents/Uni/Tasks/Az_iot/STM32CubeF7/Drivers/STM32F7xx_HAL_Driver/Src/stm32f7xx_hal_rcc.c.obj
 .ARM.attributes
                0x00000361       0x32 CMakeFiles/board_bringup.dir/Users/arad/Documents/Uni/Tasks/Az_iot/STM32CubeF7/Drivers/STM32F7xx_HAL_Driver/Src/stm32f7xx_hal_rcc_ex.c.obj
 .ARM.attributes
                0x00000393       0x32 CMakeFiles/board_bringup.dir/Users/arad/Documents/Uni/Tasks/Az_iot/STM32CubeF7/Drivers/STM32F7xx_HAL_Driver/Src/stm32f7xx_hal_pwr_ex.c.obj
 .ARM.attributes
                0x000003c5       0x32 CMakeFiles/board_bringup.dir/Users/arad/Documents/Uni/Tasks/Az_iot/STM32CubeF7/Drivers/STM32F7xx_HAL_Driver/Src/stm32f7xx_hal_ltdc.c.obj
 .ARM.attributes
                0x000003f7       0x20 /Users/arad/Library/Application Support/stm32cube/bundles/gnu-tools-for-stm32/14.3.1+st.2/bin/../lib/gcc/arm-none-eabi/14.3.1/thumb/v7e-m+dp/hard/libgcc.a(_aeabi_uldivmod.o)
 .ARM.attributes
                0x00000417       0x32 /Users/arad/Library/Application Support/stm32cube/bundles/gnu-tools-for-stm32/14.3.1+st.2/bin/../lib/gcc/arm-none-eabi/14.3.1/thumb/v7e-m+dp/hard/libgcc.a(_udivmoddi4.o)
 .ARM.attributes
                0x00000449       0x20 /Users/arad/Library/Application Support/stm32cube/bundles/gnu-tools-for-stm32/14.3.1+st.2/bin/../lib/gcc/arm-none-eabi/14.3.1/thumb/v7e-m+dp/hard/libgcc.a(_dvmd_tls.o)
 .ARM.attributes
                0x00000469       0x20 /Users/arad/Library/Application Support/stm32cube/bundles/gnu-tools-for-stm32/14.3.1+st.2/bin/../lib/gcc/arm-none-eabi/14.3.1/thumb/v7e-m+dp/hard/crtn.o
OUTPUT(board_bringup.elf elf32-littlearm)
LOAD linker stubs

.debug_frame    0x00000000     0x1874
 .debug_frame   0x00000000       0x2c /Users/arad/Library/Application Support/stm32cube/bundles/gnu-tools-for-stm32/14.3.1+st.2/bin/../lib/gcc/arm-none-eabi/14.3.1/../../../../arm-none-eabi/lib/thumb/v7e-m+dp/hard/libc.a(libc_a-memset.o)
 .debug_frame   0x0000002c       0x2c /Users/arad/Library/Application Support/stm32cube/bundles/gnu-tools-for-stm32/14.3.1+st.2/bin/../lib/gcc/arm-none-eabi/14.3.1/../../../../arm-none-eabi/lib/thumb/v7e-m+dp/hard/libc.a(libc_a-init.o)
 .debug_frame   0x00000058       0xb0 /Users/arad/Library/Application Support/stm32cube/bundles/gnu-tools-for-stm32/14.3.1+st.2/bin/../lib/gcc/arm-none-eabi/14.3.1/../../../../arm-none-eabi/lib/thumb/v7e-m+dp/hard/libc.a(libc_a-lock.o)
 .debug_frame   0x00000108       0x5c /Users/arad/Library/Application Support/stm32cube/bundles/gnu-tools-for-stm32/14.3.1+st.2/bin/../lib/gcc/arm-none-eabi/14.3.1/../../../../arm-none-eabi/lib/thumb/v7e-m+dp/hard/libc.a(libc_a-__call_atexit.o)
 .debug_frame   0x00000164       0x20 /Users/arad/Library/Application Support/stm32cube/bundles/gnu-tools-for-stm32/14.3.1+st.2/bin/../lib/gcc/arm-none-eabi/14.3.1/../../../../arm-none-eabi/lib/thumb/v7e-m+dp/hard/libc.a(libc_a-atexit.o)
 .debug_frame   0x00000184       0x34 /Users/arad/Library/Application Support/stm32cube/bundles/gnu-tools-for-stm32/14.3.1+st.2/bin/../lib/gcc/arm-none-eabi/14.3.1/../../../../arm-none-eabi/lib/thumb/v7e-m+dp/hard/libc.a(libc_a-fini.o)
 .debug_frame   0x000001b8       0x34 /Users/arad/Library/Application Support/stm32cube/bundles/gnu-tools-for-stm32/14.3.1+st.2/bin/../lib/gcc/arm-none-eabi/14.3.1/../../../../arm-none-eabi/lib/thumb/v7e-m+dp/hard/libc.a(libc_a-__atexit.o)
 .debug_frame   0x000001ec      0x110 CMakeFiles/board_bringup.dir/Src/main.c.obj
 .debug_frame   0x000002fc       0x58 CMakeFiles/board_bringup.dir/Src/stm32f7xx_hal_msp.c.obj
 .debug_frame   0x00000354       0xfc CMakeFiles/board_bringup.dir/Src/stm32f7xx_it.c.obj
 .debug_frame   0x00000450       0x50 CMakeFiles/board_bringup.dir/Src/system_stm32f7xx.c.obj
 .debug_frame   0x000004a0      0x354 CMakeFiles/board_bringup.dir/Users/arad/Documents/Uni/Tasks/Az_iot/STM32CubeF7/Drivers/STM32F7xx_HAL_Driver/Src/stm32f7xx_hal.c.obj
 .debug_frame   0x000007f4      0x49c CMakeFiles/board_bringup.dir/Users/arad/Documents/Uni/Tasks/Az_iot/STM32CubeF7/Drivers/STM32F7xx_HAL_Driver/Src/stm32f7xx_hal_cortex.c.obj
 .debug_frame   0x00000c90      0x130 CMakeFiles/board_bringup.dir/Users/arad/Documents/Uni/Tasks/Az_iot/STM32CubeF7/Drivers/STM32F7xx_HAL_Driver/Src/stm32f7xx_hal_gpio.c.obj
 .debug_frame   0x00000dc0      0x1e0 CMakeFiles/board_bringup.dir/Users/arad/Documents/Uni/Tasks/Az_iot/STM32CubeF7/Drivers/STM32F7xx_HAL_Driver/Src/stm32f7xx_hal_rcc.c.obj
 .debug_frame   0x00000fa0      0x110 CMakeFiles/board_bringup.dir/Users/arad/Documents/Uni/Tasks/Az_iot/STM32CubeF7/Drivers/STM32F7xx_HAL_Driver/Src/stm32f7xx_hal_rcc_ex.c.obj
 .debug_frame   0x000010b0      0x1ac CMakeFiles/board_bringup.dir/Users/arad/Documents/Uni/Tasks/Az_iot/STM32CubeF7/Drivers/STM32F7xx_HAL_Driver/Src/stm32f7xx_hal_pwr_ex.c.obj
 .debug_frame   0x0000125c      0x5b8 CMakeFiles/board_bringup.dir/Users/arad/Documents/Uni/Tasks/Az_iot/STM32CubeF7/Drivers/STM32F7xx_HAL_Driver/Src/stm32f7xx_hal_ltdc.c.obj
 .debug_frame   0x00001814       0x2c /Users/arad/Library/Application Support/stm32cube/bundles/gnu-tools-for-stm32/14.3.1+st.2/bin/../lib/gcc/arm-none-eabi/14.3.1/thumb/v7e-m+dp/hard/libgcc.a(_aeabi_uldivmod.o)
 .debug_frame   0x00001840       0x34 /Users/arad/Library/Application Support/stm32cube/bundles/gnu-tools-for-stm32/14.3.1+st.2/bin/../lib/gcc/arm-none-eabi/14.3.1/thumb/v7e-m+dp/hard/libgcc.a(_udivmoddi4.o)

.debug_info     0x00000000     0x69ef
 .debug_info    0x00000000     0x101a CMakeFiles/board_bringup.dir/Src/main.c.obj
 .debug_info    0x0000101a      0x847 CMakeFiles/board_bringup.dir/Src/stm32f7xx_hal_msp.c.obj
 .debug_info    0x00001861      0x112 CMakeFiles/board_bringup.dir/Src/stm32f7xx_it.c.obj
 .debug_info    0x00001973      0x6ed CMakeFiles/board_bringup.dir/Src/system_stm32f7xx.c.obj
 .debug_info    0x00002060       0x30 CMakeFiles/board_bringup.dir/Src/startup_stm32f746xx.S.obj
 .debug_info    0x00002090      0xa4f CMakeFiles/board_bringup.dir/Users/arad/Documents/Uni/Tasks/Az_iot/STM32CubeF7/Drivers/STM32F7xx_HAL_Driver/Src/stm32f7xx_hal.c.obj
 .debug_info    0x00002adf      0xf7e CMakeFiles/board_bringup.dir/Users/arad/Documents/Uni/Tasks/Az_iot/STM32CubeF7/Drivers/STM32F7xx_HAL_Driver/Src/stm32f7xx_hal_cortex.c.obj
 .debug_info    0x00003a5d      0x6e7 CMakeFiles/board_bringup.dir/Users/arad/Documents/Uni/Tasks/Az_iot/STM32CubeF7/Drivers/STM32F7xx_HAL_Driver/Src/stm32f7xx_hal_gpio.c.obj
 .debug_info    0x00004144      0x8f0 CMakeFiles/board_bringup.dir/Users/arad/Documents/Uni/Tasks/Az_iot/STM32CubeF7/Drivers/STM32F7xx_HAL_Driver/Src/stm32f7xx_hal_rcc.c.obj
 .debug_info    0x00004a34      0x6bd CMakeFiles/board_bringup.dir/Users/arad/Documents/Uni/Tasks/Az_iot/STM32CubeF7/Drivers/STM32F7xx_HAL_Driver/Src/stm32f7xx_hal_rcc_ex.c.obj
 .debug_info    0x000050f1      0x8cd CMakeFiles/board_bringup.dir/Users/arad/Documents/Uni/Tasks/Az_iot/STM32CubeF7/Drivers/STM32F7xx_HAL_Driver/Src/stm32f7xx_hal_pwr_ex.c.obj
 .debug_info    0x000059be     0x1031 CMakeFiles/board_bringup.dir/Users/arad/Documents/Uni/Tasks/Az_iot/STM32CubeF7/Drivers/STM32F7xx_HAL_Driver/Src/stm32f7xx_hal_ltdc.c.obj

.debug_abbrev   0x00000000     0x1574
 .debug_abbrev  0x00000000      0x2bd CMakeFiles/board_bringup.dir/Src/main.c.obj
 .debug_abbrev  0x000002bd      0x180 CMakeFiles/board_bringup.dir/Src/stm32f7xx_hal_msp.c.obj
 .debug_abbrev  0x0000043d       0x73 CMakeFiles/board_bringup.dir/Src/stm32f7xx_it.c.obj
 .debug_abbrev  0x000004b0      0x13b CMakeFiles/board_bringup.dir/Src/system_stm32f7xx.c.obj
 .debug_abbrev  0x000005eb       0x24 CMakeFiles/board_bringup.dir/Src/startup_stm32f746xx.S.obj
 .debug_abbrev  0x0000060f      0x213 CMakeFiles/board_bringup.dir/Users/arad/Documents/Uni/Tasks/Az_iot/STM32CubeF7/Drivers/STM32F7xx_HAL_Driver/Src/stm32f7xx_hal.c.obj
 .debug_abbrev  0x00000822      0x31e CMakeFiles/board_bringup.dir/Users/arad/Documents/Uni/Tasks/Az_iot/STM32CubeF7/Drivers/STM32F7xx_HAL_Driver/Src/stm32f7xx_hal_cortex.c.obj
 .debug_abbrev  0x00000b40      0x1d4 CMakeFiles/board_bringup.dir/Users/arad/Documents/Uni/Tasks/Az_iot/STM32CubeF7/Drivers/STM32F7xx_HAL_Driver/Src/stm32f7xx_hal_gpio.c.obj
 .debug_abbrev  0x00000d14      0x288 CMakeFiles/board_bringup.dir/Users/arad/Documents/Uni/Tasks/Az_iot/STM32CubeF7/Drivers/STM32F7xx_HAL_Driver/Src/stm32f7xx_hal_rcc.c.obj
 .debug_abbrev  0x00000f9c      0x1c9 CMakeFiles/board_bringup.dir/Users/arad/Documents/Uni/Tasks/Az_iot/STM32CubeF7/Drivers/STM32F7xx_HAL_Driver/Src/stm32f7xx_hal_rcc_ex.c.obj
 .debug_abbrev  0x00001165      0x1d5 CMakeFiles/board_bringup.dir/Users/arad/Documents/Uni/Tasks/Az_iot/STM32CubeF7/Drivers/STM32F7xx_HAL_Driver/Src/stm32f7xx_hal_pwr_ex.c.obj
 .debug_abbrev  0x0000133a      0x23a CMakeFiles/board_bringup.dir/Users/arad/Documents/Uni/Tasks/Az_iot/STM32CubeF7/Drivers/STM32F7xx_HAL_Driver/Src/stm32f7xx_hal_ltdc.c.obj

.debug_aranges  0x00000000      0x660
 .debug_aranges
                0x00000000       0x58 CMakeFiles/board_bringup.dir/Src/main.c.obj
 .debug_aranges
                0x00000058       0x28 CMakeFiles/board_bringup.dir/Src/stm32f7xx_hal_msp.c.obj
 .debug_aranges
                0x00000080       0x60 CMakeFiles/board_bringup.dir/Src/stm32f7xx_it.c.obj
 .debug_aranges
                0x000000e0       0x28 CMakeFiles/board_bringup.dir/Src/system_stm32f7xx.c.obj
 .debug_aranges
                0x00000108       0x28 CMakeFiles/board_bringup.dir/Src/startup_stm32f746xx.S.obj
 .debug_aranges
                0x00000130      0x100 CMakeFiles/board_bringup.dir/Users/arad/Documents/Uni/Tasks/Az_iot/STM32CubeF7/Drivers/STM32F7xx_HAL_Driver/Src/stm32f7xx_hal.c.obj
 .debug_aranges
                0x00000230      0x128 CMakeFiles/board_bringup.dir/Users/arad/Documents/Uni/Tasks/Az_iot/STM32CubeF7/Drivers/STM32F7xx_HAL_Driver/Src/stm32f7xx_hal_cortex.c.obj
 .debug_aranges
                0x00000358       0x58 CMakeFiles/board_bringup.dir/Users/arad/Documents/Uni/Tasks/Az_iot/STM32CubeF7/Drivers/STM32F7xx_HAL_Driver/Src/stm32f7xx_hal_gpio.c.obj
 .debug_aranges
                0x000003b0       0x88 CMakeFiles/board_bringup.dir/Users/arad/Documents/Uni/Tasks/Az_iot/STM32CubeF7/Drivers/STM32F7xx_HAL_Driver/Src/stm32f7xx_hal_rcc.c.obj
 .debug_aranges
                0x00000438       0x50 CMakeFiles/board_bringup.dir/Users/arad/Documents/Uni/Tasks/Az_iot/STM32CubeF7/Drivers/STM32F7xx_HAL_Driver/Src/stm32f7xx_hal_rcc_ex.c.obj
 .debug_aranges
                0x00000488       0x80 CMakeFiles/board_bringup.dir/Users/arad/Documents/Uni/Tasks/Az_iot/STM32CubeF7/Drivers/STM32F7xx_HAL_Driver/Src/stm32f7xx_hal_pwr_ex.c.obj
 .debug_aranges
                0x00000508      0x158 CMakeFiles/board_bringup.dir/Users/arad/Documents/Uni/Tasks/Az_iot/STM32CubeF7/Drivers/STM32F7xx_HAL_Driver/Src/stm32f7xx_hal_ltdc.c.obj

.debug_rnglists
                0x00000000      0x4b1
 .debug_rnglists
                0x00000000       0x41 CMakeFiles/board_bringup.dir/Src/main.c.obj
 .debug_rnglists
                0x00000041       0x1a CMakeFiles/board_bringup.dir/Src/stm32f7xx_hal_msp.c.obj
 .debug_rnglists
                0x0000005b       0x43 CMakeFiles/board_bringup.dir/Src/stm32f7xx_it.c.obj
 .debug_rnglists
                0x0000009e       0x1a CMakeFiles/board_bringup.dir/Src/system_stm32f7xx.c.obj
 .debug_rnglists
                0x000000b8       0x19 CMakeFiles/board_bringup.dir/Src/startup_stm32f746xx.S.obj
 .debug_rnglists
                0x000000d1       0xbb CMakeFiles/board_bringup.dir/Users/arad/Documents/Uni/Tasks/Az_iot/STM32CubeF7/Drivers/STM32F7xx_HAL_Driver/Src/stm32f7xx_hal.c.obj
 .debug_rnglists
                0x0000018c       0xda CMakeFiles/board_bringup.dir/Users/arad/Documents/Uni/Tasks/Az_iot/STM32CubeF7/Drivers/STM32F7xx_HAL_Driver/Src/stm32f7xx_hal_cortex.c.obj
 .debug_rnglists
                0x00000266       0x3f CMakeFiles/board_bringup.dir/Users/arad/Documents/Uni/Tasks/Az_iot/STM32CubeF7/Drivers/STM32F7xx_HAL_Driver/Src/stm32f7xx_hal_gpio.c.obj
 .debug_rnglists
                0x000002a5       0x67 CMakeFiles/board_bringup.dir/Users/arad/Documents/Uni/Tasks/Az_iot/STM32CubeF7/Drivers/STM32F7xx_HAL_Driver/Src/stm32f7xx_hal_rcc.c.obj
 .debug_rnglists
                0x0000030c       0x3c CMakeFiles/board_bringup.dir/Users/arad/Documents/Uni/Tasks/Az_iot/STM32CubeF7/Drivers/STM32F7xx_HAL_Driver/Src/stm32f7xx_hal_rcc_ex.c.obj
 .debug_rnglists
                0x00000348       0x5f CMakeFiles/board_bringup.dir/Users/arad/Documents/Uni/Tasks/Az_iot/STM32CubeF7/Drivers/STM32F7xx_HAL_Driver/Src/stm32f7xx_hal_pwr_ex.c.obj
 .debug_rnglists
                0x000003a7      0x10a CMakeFiles/board_bringup.dir/Users/arad/Documents/Uni/Tasks/Az_iot/STM32CubeF7/Drivers/STM32F7xx_HAL_Driver/Src/stm32f7xx_hal_ltdc.c.obj

.debug_macro    0x00000000    0x24ab4
 .debug_macro   0x00000000      0x22e CMakeFiles/board_bringup.dir/Src/main.c.obj
 .debug_macro   0x0000022e      0xaf6 CMakeFiles/board_bringup.dir/Src/main.c.obj
 .debug_macro   0x00000d24      0x29e CMakeFiles/board_bringup.dir/Src/main.c.obj
 .debug_macro   0x00000fc2       0x2e CMakeFiles/board_bringup.dir/Src/main.c.obj
 .debug_macro   0x00000ff0       0x3b CMakeFiles/board_bringup.dir/Src/main.c.obj
 .debug_macro   0x0000102b       0x22 CMakeFiles/board_bringup.dir/Src/main.c.obj
 .debug_macro   0x0000104d       0x8e CMakeFiles/board_bringup.dir/Src/main.c.obj
 .debug_macro   0x000010db       0x51 CMakeFiles/board_bringup.dir/Src/main.c.obj
 .debug_macro   0x0000112c      0x103 CMakeFiles/board_bringup.dir/Src/main.c.obj
 .debug_macro   0x0000122f       0x6a CMakeFiles/board_bringup.dir/Src/main.c.obj
 .debug_macro   0x00001299      0x1df CMakeFiles/board_bringup.dir/Src/main.c.obj
 .debug_macro   0x00001478       0x1c CMakeFiles/board_bringup.dir/Src/main.c.obj
 .debug_macro   0x00001494       0x22 CMakeFiles/board_bringup.dir/Src/main.c.obj
 .debug_macro   0x000014b6       0xd9 CMakeFiles/board_bringup.dir/Src/main.c.obj
 .debug_macro   0x0000158f     0x12cd CMakeFiles/board_bringup.dir/Src/main.c.obj
 .debug_macro   0x0000285c      0x11f CMakeFiles/board_bringup.dir/Src/main.c.obj
 .debug_macro   0x0000297b       0x19 CMakeFiles/board_bringup.dir/Src/main.c.obj
 .debug_macro   0x00002994    0x19222 CMakeFiles/board_bringup.dir/Src/main.c.obj
 .debug_macro   0x0001bbb6       0x6d CMakeFiles/board_bringup.dir/Src/main.c.obj
 .debug_macro   0x0001bc23     0x375e CMakeFiles/board_bringup.dir/Src/main.c.obj
 .debug_macro   0x0001f381      0x190 CMakeFiles/board_bringup.dir/Src/main.c.obj
 .debug_macro   0x0001f511       0x63 CMakeFiles/board_bringup.dir/Src/main.c.obj
 .debug_macro   0x0001f574     0x18ad CMakeFiles/board_bringup.dir/Src/main.c.obj
 .debug_macro   0x00020e21      0x6c4 CMakeFiles/board_bringup.dir/Src/main.c.obj
 .debug_macro   0x000214e5      0x115 CMakeFiles/board_bringup.dir/Src/main.c.obj
 .debug_macro   0x000215fa      0x1fd CMakeFiles/board_bringup.dir/Src/main.c.obj
 .debug_macro   0x000217f7       0xa5 CMakeFiles/board_bringup.dir/Src/main.c.obj
 .debug_macro   0x0002189c      0x24f CMakeFiles/board_bringup.dir/Src/main.c.obj
 .debug_macro   0x00021aeb       0x41 CMakeFiles/board_bringup.dir/Src/main.c.obj
 .debug_macro   0x00021b2c       0x58 CMakeFiles/board_bringup.dir/Src/main.c.obj
 .debug_macro   0x00021b84      0x236 CMakeFiles/board_bringup.dir/Src/main.c.obj
 .debug_macro   0x00021dba      0x14e CMakeFiles/board_bringup.dir/Src/main.c.obj
 .debug_macro   0x00021f08      0x25a CMakeFiles/board_bringup.dir/Src/main.c.obj
 .debug_macro   0x00022162       0x12 CMakeFiles/board_bringup.dir/Src/main.c.obj
 .debug_macro   0x00022174      0x504 CMakeFiles/board_bringup.dir/Src/main.c.obj
 .debug_macro   0x00022678       0x11 CMakeFiles/board_bringup.dir/Src/main.c.obj
 .debug_macro   0x00022689      0x22c CMakeFiles/board_bringup.dir/Src/main.c.obj
 .debug_macro   0x000228b5       0x61 CMakeFiles/board_bringup.dir/Src/main.c.obj
 .debug_macro   0x00022916       0xa5 CMakeFiles/board_bringup.dir/Src/main.c.obj
 .debug_macro   0x000229bb      0x198 CMakeFiles/board_bringup.dir/Src/main.c.obj
 .debug_macro   0x00022b53       0xd6 CMakeFiles/board_bringup.dir/Src/main.c.obj
 .debug_macro   0x00022c29      0x12e CMakeFiles/board_bringup.dir/Src/main.c.obj
 .debug_macro   0x00022d57      0x108 CMakeFiles/board_bringup.dir/Src/main.c.obj
 .debug_macro   0x00022e5f       0x35 CMakeFiles/board_bringup.dir/Src/main.c.obj
 .debug_macro   0x00022e94      0x56d CMakeFiles/board_bringup.dir/Src/main.c.obj
 .debug_macro   0x00023401       0x44 CMakeFiles/board_bringup.dir/Src/main.c.obj
 .debug_macro   0x00023445      0x14d CMakeFiles/board_bringup.dir/Src/main.c.obj
 .debug_macro   0x00023592       0x40 CMakeFiles/board_bringup.dir/Src/main.c.obj
 .debug_macro   0x000235d2       0x1c CMakeFiles/board_bringup.dir/Src/main.c.obj
 .debug_macro   0x000235ee      0x21a CMakeFiles/board_bringup.dir/Src/stm32f7xx_hal_msp.c.obj
 .debug_macro   0x00023808      0x228 CMakeFiles/board_bringup.dir/Src/stm32f7xx_it.c.obj
 .debug_macro   0x00023a30      0x208 CMakeFiles/board_bringup.dir/Src/system_stm32f7xx.c.obj
 .debug_macro   0x00023c38      0x226 CMakeFiles/board_bringup.dir/Users/arad/Documents/Uni/Tasks/Az_iot/STM32CubeF7/Drivers/STM32F7xx_HAL_Driver/Src/stm32f7xx_hal.c.obj
 .debug_macro   0x00023e5e      0x202 CMakeFiles/board_bringup.dir/Users/arad/Documents/Uni/Tasks/Az_iot/STM32CubeF7/Drivers/STM32F7xx_HAL_Driver/Src/stm32f7xx_hal_cortex.c.obj
 .debug_macro   0x00024060      0x208 CMakeFiles/board_bringup.dir/Users/arad/Documents/Uni/Tasks/Az_iot/STM32CubeF7/Drivers/STM32F7xx_HAL_Driver/Src/stm32f7xx_hal_gpio.c.obj
 .debug_macro   0x00024268      0x226 CMakeFiles/board_bringup.dir/Users/arad/Documents/Uni/Tasks/Az_iot/STM32CubeF7/Drivers/STM32F7xx_HAL_Driver/Src/stm32f7xx_hal_rcc.c.obj
 .debug_macro   0x0002448e      0x202 CMakeFiles/board_bringup.dir/Users/arad/Documents/Uni/Tasks/Az_iot/STM32CubeF7/Drivers/STM32F7xx_HAL_Driver/Src/stm32f7xx_hal_rcc_ex.c.obj
 .debug_macro   0x00024690      0x21a CMakeFiles/board_bringup.dir/Users/arad/Documents/Uni/Tasks/Az_iot/STM32CubeF7/Drivers/STM32F7xx_HAL_Driver/Src/stm32f7xx_hal_pwr_ex.c.obj
 .debug_macro   0x000248aa      0x20a CMakeFiles/board_bringup.dir/Users/arad/Documents/Uni/Tasks/Az_iot/STM32CubeF7/Drivers/STM32F7xx_HAL_Driver/Src/stm32f7xx_hal_ltdc.c.obj

.debug_line     0x00000000     0x82f6
 .debug_line    0x00000000      0xabd CMakeFiles/board_bringup.dir/Src/main.c.obj
 .debug_line    0x00000abd      0x820 CMakeFiles/board_bringup.dir/Src/stm32f7xx_hal_msp.c.obj
 .debug_line    0x000012dd      0x875 CMakeFiles/board_bringup.dir/Src/stm32f7xx_it.c.obj
 .debug_line    0x00001b52      0x814 CMakeFiles/board_bringup.dir/Src/system_stm32f7xx.c.obj
 .debug_line    0x00002366       0x7b CMakeFiles/board_bringup.dir/Src/startup_stm32f746xx.S.obj
 .debug_line    0x000023e1      0xa81 CMakeFiles/board_bringup.dir/Users/arad/Documents/Uni/Tasks/Az_iot/STM32CubeF7/Drivers/STM32F7xx_HAL_Driver/Src/stm32f7xx_hal.c.obj
 .debug_line    0x00002e62      0xcfd CMakeFiles/board_bringup.dir/Users/arad/Documents/Uni/Tasks/Az_iot/STM32CubeF7/Drivers/STM32F7xx_HAL_Driver/Src/stm32f7xx_hal_cortex.c.obj
 .debug_line    0x00003b5f      0xbd4 CMakeFiles/board_bringup.dir/Users/arad/Documents/Uni/Tasks/Az_iot/STM32CubeF7/Drivers/STM32F7xx_HAL_Driver/Src/stm32f7xx_hal_gpio.c.obj
 .debug_line    0x00004733      0xf70 CMakeFiles/board_bringup.dir/Users/arad/Documents/Uni/Tasks/Az_iot/STM32CubeF7/Drivers/STM32F7xx_HAL_Driver/Src/stm32f7xx_hal_rcc.c.obj
 .debug_line    0x000056a3      0xeae CMakeFiles/board_bringup.dir/Users/arad/Documents/Uni/Tasks/Az_iot/STM32CubeF7/Drivers/STM32F7xx_HAL_Driver/Src/stm32f7xx_hal_rcc_ex.c.obj
 .debug_line    0x00006551      0xa4d CMakeFiles/board_bringup.dir/Users/arad/Documents/Uni/Tasks/Az_iot/STM32CubeF7/Drivers/STM32F7xx_HAL_Driver/Src/stm32f7xx_hal_pwr_ex.c.obj
 .debug_line    0x00006f9e     0x1358 CMakeFiles/board_bringup.dir/Users/arad/Documents/Uni/Tasks/Az_iot/STM32CubeF7/Drivers/STM32F7xx_HAL_Driver/Src/stm32f7xx_hal_ltdc.c.obj

.debug_str      0x00000000    0xe5d75
 .debug_str     0x00000000    0xe5d75 CMakeFiles/board_bringup.dir/Src/main.c.obj
                              0xe474d (size before relaxing)
 .debug_str     0x000e5d75    0xe4162 CMakeFiles/board_bringup.dir/Src/stm32f7xx_hal_msp.c.obj
 .debug_str     0x000e5d75    0xe3d30 CMakeFiles/board_bringup.dir/Src/stm32f7xx_it.c.obj
 .debug_str     0x000e5d75    0xe3dc4 CMakeFiles/board_bringup.dir/Src/system_stm32f7xx.c.obj
 .debug_str     0x000e5d75       0xd0 CMakeFiles/board_bringup.dir/Src/startup_stm32f746xx.S.obj
 .debug_str     0x000e5d75    0xe4731 CMakeFiles/board_bringup.dir/Users/arad/Documents/Uni/Tasks/Az_iot/STM32CubeF7/Drivers/STM32F7xx_HAL_Driver/Src/stm32f7xx_hal.c.obj
 .debug_str     0x000e5d75    0xe4726 CMakeFiles/board_bringup.dir/Users/arad/Documents/Uni/Tasks/Az_iot/STM32CubeF7/Drivers/STM32F7xx_HAL_Driver/Src/stm32f7xx_hal_cortex.c.obj
 .debug_str     0x000e5d75    0xe3e5e CMakeFiles/board_bringup.dir/Users/arad/Documents/Uni/Tasks/Az_iot/STM32CubeF7/Drivers/STM32F7xx_HAL_Driver/Src/stm32f7xx_hal_gpio.c.obj
 .debug_str     0x000e5d75    0xe4102 CMakeFiles/board_bringup.dir/Users/arad/Documents/Uni/Tasks/Az_iot/STM32CubeF7/Drivers/STM32F7xx_HAL_Driver/Src/stm32f7xx_hal_rcc.c.obj
 .debug_str     0x000e5d75    0xe403a CMakeFiles/board_bringup.dir/Users/arad/Documents/Uni/Tasks/Az_iot/STM32CubeF7/Drivers/STM32F7xx_HAL_Driver/Src/stm32f7xx_hal_rcc_ex.c.obj
 .debug_str     0x000e5d75    0xe400f CMakeFiles/board_bringup.dir/Users/arad/Documents/Uni/Tasks/Az_iot/STM32CubeF7/Drivers/STM32F7xx_HAL_Driver/Src/stm32f7xx_hal_pwr_ex.c.obj
 .debug_str     0x000e5d75    0xe4331 CMakeFiles/board_bringup.dir/Users/arad/Documents/Uni/Tasks/Az_iot/STM32CubeF7/Drivers/STM32F7xx_HAL_Driver/Src/stm32f7xx_hal_ltdc.c.obj

.comment        0x00000000       0x43
 .comment       0x00000000       0x43 CMakeFiles/board_bringup.dir/Src/main.c.obj
                                 0x44 (size before relaxing)
 .comment       0x00000043       0x44 CMakeFiles/board_bringup.dir/Src/stm32f7xx_hal_msp.c.obj
 .comment       0x00000043       0x44 CMakeFiles/board_bringup.dir/Src/stm32f7xx_it.c.obj
 .comment       0x00000043       0x44 CMakeFiles/board_bringup.dir/Src/system_stm32f7xx.c.obj
 .comment       0x00000043       0x44 CMakeFiles/board_bringup.dir/Users/arad/Documents/Uni/Tasks/Az_iot/STM32CubeF7/Drivers/STM32F7xx_HAL_Driver/Src/stm32f7xx_hal.c.obj
 .comment       0x00000043       0x44 CMakeFiles/board_bringup.dir/Users/arad/Documents/Uni/Tasks/Az_iot/STM32CubeF7/Drivers/STM32F7xx_HAL_Driver/Src/stm32f7xx_hal_cortex.c.obj
 .comment       0x00000043       0x44 CMakeFiles/board_bringup.dir/Users/arad/Documents/Uni/Tasks/Az_iot/STM32CubeF7/Drivers/STM32F7xx_HAL_Driver/Src/stm32f7xx_hal_gpio.c.obj
 .comment       0x00000043       0x44 CMakeFiles/board_bringup.dir/Users/arad/Documents/Uni/Tasks/Az_iot/STM32CubeF7/Drivers/STM32F7xx_HAL_Driver/Src/stm32f7xx_hal_rcc.c.obj
 .comment       0x00000043       0x44 CMakeFiles/board_bringup.dir/Users/arad/Documents/Uni/Tasks/Az_iot/STM32CubeF7/Drivers/STM32F7xx_HAL_Driver/Src/stm32f7xx_hal_rcc_ex.c.obj
 .comment       0x00000043       0x44 CMakeFiles/board_bringup.dir/Users/arad/Documents/Uni/Tasks/Az_iot/STM32CubeF7/Drivers/STM32F7xx_HAL_Driver/Src/stm32f7xx_hal_pwr_ex.c.obj
 .comment       0x00000043       0x44 CMakeFiles/board_bringup.dir/Users/arad/Documents/Uni/Tasks/Az_iot/STM32CubeF7/Drivers/STM32F7xx_HAL_Driver/Src/stm32f7xx_hal_ltdc.c.obj

.debug_line_str
                0x00000000       0xb4
 .debug_line_str
                0x00000000       0xb4 CMakeFiles/board_bringup.dir/Src/startup_stm32f746xx.S.obj
